Archive member included because of file (symbol)

c:/eclipse/imt_sdk_win_64/winavr/bin/../lib/gcc/avr/4.3.3/avr5\libgcc.a(_mulsi3.o)
                              ./03-MCAL/TIM/TIM_program.o (__mulsi3)
c:/eclipse/imt_sdk_win_64/winavr/bin/../lib/gcc/avr/4.3.3/avr5\libgcc.a(_udivmodsi4.o)
                              ./03-MCAL/TIM/TIM_program.o (__udivmodsi4)
c:/eclipse/imt_sdk_win_64/winavr/bin/../lib/gcc/avr/4.3.3/avr5\libgcc.a(_exit.o)
                              c:/eclipse/imt_sdk_win_64/winavr/bin/../lib/gcc/avr/4.3.3/../../../../avr/lib/avr5/crtm32.o (exit)
c:/eclipse/imt_sdk_win_64/winavr/bin/../lib/gcc/avr/4.3.3/avr5\libgcc.a(_copy_data.o)
                              ./02-HAL/STEPPER/STEPPER.o (__do_copy_data)
c:/eclipse/imt_sdk_win_64/winavr/bin/../lib/gcc/avr/4.3.3/avr5\libgcc.a(_clear_bss.o)
                              ./03-MCAL/TIM/TIM_program.o (__do_clear_bss)
c:/eclipse/imt_sdk_win_64/winavr/bin/../lib/gcc/avr/4.3.3/avr5\libgcc.a(_fixunssfsi.o)
                              ./03-MCAL/UART/UART_program.o (__fixunssfsi)
c:/eclipse/imt_sdk_win_64/winavr/bin/../lib/gcc/avr/4.3.3/avr5\libgcc.a(_addsub_sf.o)
                              ./03-MCAL/UART/UART_program.o (__subsf3)
c:/eclipse/imt_sdk_win_64/winavr/bin/../lib/gcc/avr/4.3.3/avr5\libgcc.a(_mul_sf.o)
                              ./03-MCAL/TIM/TIM_program.o (__mulsf3)
c:/eclipse/imt_sdk_win_64/winavr/bin/../lib/gcc/avr/4.3.3/avr5\libgcc.a(_div_sf.o)
                              ./03-MCAL/UART/UART_program.o (__divsf3)
c:/eclipse/imt_sdk_win_64/winavr/bin/../lib/gcc/avr/4.3.3/avr5\libgcc.a(_gt_sf.o)
                              ./03-MCAL/TWI/TWI_program.o (__gtsf2)
c:/eclipse/imt_sdk_win_64/winavr/bin/../lib/gcc/avr/4.3.3/avr5\libgcc.a(_ge_sf.o)
                              c:/eclipse/imt_sdk_win_64/winavr/bin/../lib/gcc/avr/4.3.3/avr5\libgcc.a(_fixunssfsi.o) (__gesf2)
c:/eclipse/imt_sdk_win_64/winavr/bin/../lib/gcc/avr/4.3.3/avr5\libgcc.a(_lt_sf.o)
                              ./03-MCAL/TWI/TWI_program.o (__ltsf2)
c:/eclipse/imt_sdk_win_64/winavr/bin/../lib/gcc/avr/4.3.3/avr5\libgcc.a(_si_to_sf.o)
                              ./02-HAL/LCD/LCD.o (__floatsisf)
c:/eclipse/imt_sdk_win_64/winavr/bin/../lib/gcc/avr/4.3.3/avr5\libgcc.a(_sf_to_si.o)
                              c:/eclipse/imt_sdk_win_64/winavr/bin/../lib/gcc/avr/4.3.3/avr5\libgcc.a(_fixunssfsi.o) (__fixsfsi)
c:/eclipse/imt_sdk_win_64/winavr/bin/../lib/gcc/avr/4.3.3/avr5\libgcc.a(_thenan_sf.o)
                              c:/eclipse/imt_sdk_win_64/winavr/bin/../lib/gcc/avr/4.3.3/avr5\libgcc.a(_addsub_sf.o) (__thenan_sf)
c:/eclipse/imt_sdk_win_64/winavr/bin/../lib/gcc/avr/4.3.3/avr5\libgcc.a(_usi_to_sf.o)
                              ./03-MCAL/UART/UART_program.o (__floatunsisf)
c:/eclipse/imt_sdk_win_64/winavr/bin/../lib/gcc/avr/4.3.3/avr5\libgcc.a(_prologue.o)
                              c:/eclipse/imt_sdk_win_64/winavr/bin/../lib/gcc/avr/4.3.3/avr5\libgcc.a(_addsub_sf.o) (__prologue_saves__)
c:/eclipse/imt_sdk_win_64/winavr/bin/../lib/gcc/avr/4.3.3/avr5\libgcc.a(_epilogue.o)
                              c:/eclipse/imt_sdk_win_64/winavr/bin/../lib/gcc/avr/4.3.3/avr5\libgcc.a(_addsub_sf.o) (__epilogue_restores__)
c:/eclipse/imt_sdk_win_64/winavr/bin/../lib/gcc/avr/4.3.3/avr5\libgcc.a(_clzsi2.o)
                              c:/eclipse/imt_sdk_win_64/winavr/bin/../lib/gcc/avr/4.3.3/avr5\libgcc.a(_si_to_sf.o) (__clzsi2)
c:/eclipse/imt_sdk_win_64/winavr/bin/../lib/gcc/avr/4.3.3/avr5\libgcc.a(_pack_sf.o)
                              c:/eclipse/imt_sdk_win_64/winavr/bin/../lib/gcc/avr/4.3.3/avr5\libgcc.a(_addsub_sf.o) (__pack_f)
c:/eclipse/imt_sdk_win_64/winavr/bin/../lib/gcc/avr/4.3.3/avr5\libgcc.a(_unpack_sf.o)
                              c:/eclipse/imt_sdk_win_64/winavr/bin/../lib/gcc/avr/4.3.3/avr5\libgcc.a(_addsub_sf.o) (__unpack_f)
c:/eclipse/imt_sdk_win_64/winavr/bin/../lib/gcc/avr/4.3.3/avr5\libgcc.a(_fpcmp_parts_sf.o)
                              c:/eclipse/imt_sdk_win_64/winavr/bin/../lib/gcc/avr/4.3.3/avr5\libgcc.a(_gt_sf.o) (__fpcmp_parts_f)
c:/eclipse/imt_sdk_win_64/winavr/bin/../lib/gcc/avr/4.3.3/avr5\libgcc.a(_clz.o)
                              c:/eclipse/imt_sdk_win_64/winavr/bin/../lib/gcc/avr/4.3.3/avr5\libgcc.a(_clzsi2.o) (__clz_tab)

Memory Configuration

Name             Origin             Length             Attributes
text             0x00000000         0x00020000         xr
data             0x00800060         0x0000ffa0         rw !x
eeprom           0x00810000         0x00010000         rw !x
fuse             0x00820000         0x00000400         rw !x
lock             0x00830000         0x00000400         rw !x
signature        0x00840000         0x00000400         rw !x
*default*        0x00000000         0xffffffff

Linker script and memory map

LOAD c:/eclipse/imt_sdk_win_64/winavr/bin/../lib/gcc/avr/4.3.3/../../../../avr/lib/avr5/crtm32.o
LOAD ./03-MCAL/WDT/WDT_program.o
LOAD ./03-MCAL/UART/UART_program.o
LOAD ./03-MCAL/TWI/TWI_program.o
LOAD ./03-MCAL/TIM/TIM_program.o
LOAD ./03-MCAL/SPI/SPI_program.o
LOAD ./03-MCAL/EXTI/EXTI.o
LOAD ./03-MCAL/DIO/DIO_program.o
LOAD ./03-MCAL/ADC/ADC_program.o
LOAD ./02-HAL/Servo/Servo.o
LOAD ./02-HAL/STEPPER/STEPPER.o
LOAD ./02-HAL/LCD/LCD.o
LOAD ./02-HAL/KEYPAD/KEYPAD.o
LOAD ./02-HAL/HICU/HICU_program.o
LOAD ./01-APP/main.o
LOAD c:/eclipse/imt_sdk_win_64/winavr/bin/../lib/gcc/avr/4.3.3/avr5\libgcc.a
LOAD c:/eclipse/imt_sdk_win_64/winavr/bin/../lib/gcc/avr/4.3.3/../../../../avr/lib/avr5\libc.a
LOAD c:/eclipse/imt_sdk_win_64/winavr/bin/../lib/gcc/avr/4.3.3/avr5\libgcc.a

.hash
 *(.hash)

.dynsym
 *(.dynsym)

.dynstr
 *(.dynstr)

.gnu.version
 *(.gnu.version)

.gnu.version_d
 *(.gnu.version_d)

.gnu.version_r
 *(.gnu.version_r)

.rel.init
 *(.rel.init)

.rela.init
 *(.rela.init)

.rel.text
 *(.rel.text)
 *(.rel.text.*)
 *(.rel.gnu.linkonce.t*)

.rela.text
 *(.rela.text)
 *(.rela.text.*)
 *(.rela.gnu.linkonce.t*)

.rel.fini
 *(.rel.fini)

.rela.fini
 *(.rela.fini)

.rel.rodata
 *(.rel.rodata)
 *(.rel.rodata.*)
 *(.rel.gnu.linkonce.r*)

.rela.rodata
 *(.rela.rodata)
 *(.rela.rodata.*)
 *(.rela.gnu.linkonce.r*)

.rel.data
 *(.rel.data)
 *(.rel.data.*)
 *(.rel.gnu.linkonce.d*)

.rela.data
 *(.rela.data)
 *(.rela.data.*)
 *(.rela.gnu.linkonce.d*)

.rel.ctors
 *(.rel.ctors)

.rela.ctors
 *(.rela.ctors)

.rel.dtors
 *(.rel.dtors)

.rela.dtors
 *(.rela.dtors)

.rel.got
 *(.rel.got)

.rela.got
 *(.rela.got)

.rel.bss
 *(.rel.bss)

.rela.bss
 *(.rela.bss)

.rel.plt
 *(.rel.plt)

.rela.plt
 *(.rela.plt)

.text           0x00000000     0x6d18
 *(.vectors)
 .vectors       0x00000000       0x54 c:/eclipse/imt_sdk_win_64/winavr/bin/../lib/gcc/avr/4.3.3/../../../../avr/lib/avr5/crtm32.o
                0x00000000                __vectors
                0x00000000                __vector_default
 *(.vectors)
 *(.progmem.gcc*)
 *(.progmem*)
                0x00000054                . = ALIGN (0x2)
                0x00000054                __trampolines_start = .
 *(.trampolines)
 .trampolines   0x00000054        0x0 linker stubs
 *(.trampolines*)
                0x00000054                __trampolines_end = .
 *(.jumptables)
 *(.jumptables*)
 *(.lowtext)
 *(.lowtext*)
                0x00000054                __ctors_start = .
 *(.ctors)
                0x00000054                __ctors_end = .
                0x00000054                __dtors_start = .
 *(.dtors)
                0x00000054                __dtors_end = .
 SORT(*)(.ctors)
 SORT(*)(.dtors)
 *(.init0)
 .init0         0x00000054        0x0 c:/eclipse/imt_sdk_win_64/winavr/bin/../lib/gcc/avr/4.3.3/../../../../avr/lib/avr5/crtm32.o
                0x00000054                __init
 *(.init0)
 *(.init1)
 *(.init1)
 *(.init2)
 .init2         0x00000054        0xc c:/eclipse/imt_sdk_win_64/winavr/bin/../lib/gcc/avr/4.3.3/../../../../avr/lib/avr5/crtm32.o
 *(.init2)
 *(.init3)
 *(.init3)
 *(.init4)
 .init4         0x00000060       0x16 c:/eclipse/imt_sdk_win_64/winavr/bin/../lib/gcc/avr/4.3.3/avr5\libgcc.a(_copy_data.o)
                0x00000060                __do_copy_data
 .init4         0x00000076       0x10 c:/eclipse/imt_sdk_win_64/winavr/bin/../lib/gcc/avr/4.3.3/avr5\libgcc.a(_clear_bss.o)
                0x00000076                __do_clear_bss
 *(.init4)
 *(.init5)
 *(.init5)
 *(.init6)
 *(.init6)
 *(.init7)
 *(.init7)
 *(.init8)
 *(.init8)
 *(.init9)
 .init9         0x00000086        0x8 c:/eclipse/imt_sdk_win_64/winavr/bin/../lib/gcc/avr/4.3.3/../../../../avr/lib/avr5/crtm32.o
 *(.init9)
 *(.text)
 .text          0x0000008e        0x4 c:/eclipse/imt_sdk_win_64/winavr/bin/../lib/gcc/avr/4.3.3/../../../../avr/lib/avr5/crtm32.o
                0x0000008e                __vector_12
                0x0000008e                __bad_interrupt
                0x0000008e                __vector_13
                0x0000008e                __vector_17
                0x0000008e                __vector_19
                0x0000008e                __vector_15
                0x0000008e                __vector_14
                0x0000008e                __vector_16
                0x0000008e                __vector_18
                0x0000008e                __vector_20
 .text          0x00000092        0x0 ./03-MCAL/WDT/WDT_program.o
 .text          0x00000092        0x0 ./03-MCAL/UART/UART_program.o
 .text          0x00000092        0x0 ./03-MCAL/TWI/TWI_program.o
 .text          0x00000092        0x0 ./03-MCAL/TIM/TIM_program.o
 .text          0x00000092        0x0 ./03-MCAL/SPI/SPI_program.o
 .text          0x00000092        0x0 ./03-MCAL/EXTI/EXTI.o
 .text          0x00000092        0x0 ./03-MCAL/DIO/DIO_program.o
 .text          0x00000092        0x0 ./03-MCAL/ADC/ADC_program.o
 .text          0x00000092        0x0 ./02-HAL/Servo/Servo.o
 .text          0x00000092        0x0 ./02-HAL/STEPPER/STEPPER.o
 .text          0x00000092        0x0 ./02-HAL/LCD/LCD.o
 .text          0x00000092        0x0 ./02-HAL/KEYPAD/KEYPAD.o
 .text          0x00000092        0x0 ./02-HAL/HICU/HICU_program.o
 .text          0x00000092        0x0 ./01-APP/main.o
 .text          0x00000092        0x0 c:/eclipse/imt_sdk_win_64/winavr/bin/../lib/gcc/avr/4.3.3/avr5\libgcc.a(_mulsi3.o)
 .text          0x00000092        0x0 c:/eclipse/imt_sdk_win_64/winavr/bin/../lib/gcc/avr/4.3.3/avr5\libgcc.a(_udivmodsi4.o)
 .text          0x00000092        0x0 c:/eclipse/imt_sdk_win_64/winavr/bin/../lib/gcc/avr/4.3.3/avr5\libgcc.a(_exit.o)
 .text          0x00000092        0x0 c:/eclipse/imt_sdk_win_64/winavr/bin/../lib/gcc/avr/4.3.3/avr5\libgcc.a(_copy_data.o)
 .text          0x00000092        0x0 c:/eclipse/imt_sdk_win_64/winavr/bin/../lib/gcc/avr/4.3.3/avr5\libgcc.a(_clear_bss.o)
 .text          0x00000092       0x58 c:/eclipse/imt_sdk_win_64/winavr/bin/../lib/gcc/avr/4.3.3/avr5\libgcc.a(_fixunssfsi.o)
                0x00000092                __fixunssfsi
 .text          0x000000ea      0x354 c:/eclipse/imt_sdk_win_64/winavr/bin/../lib/gcc/avr/4.3.3/avr5\libgcc.a(_addsub_sf.o)
                0x00000382                __subsf3
                0x000003e4                __addsf3
 .text          0x0000043e      0x1f4 c:/eclipse/imt_sdk_win_64/winavr/bin/../lib/gcc/avr/4.3.3/avr5\libgcc.a(_mul_sf.o)
                0x0000043e                __mulsf3
 .text          0x00000632      0x158 c:/eclipse/imt_sdk_win_64/winavr/bin/../lib/gcc/avr/4.3.3/avr5\libgcc.a(_div_sf.o)
                0x00000632                __divsf3
 .text          0x0000078a       0x60 c:/eclipse/imt_sdk_win_64/winavr/bin/../lib/gcc/avr/4.3.3/avr5\libgcc.a(_gt_sf.o)
                0x0000078a                __gtsf2
 .text          0x000007ea       0x60 c:/eclipse/imt_sdk_win_64/winavr/bin/../lib/gcc/avr/4.3.3/avr5\libgcc.a(_ge_sf.o)
                0x000007ea                __gesf2
 .text          0x0000084a       0x60 c:/eclipse/imt_sdk_win_64/winavr/bin/../lib/gcc/avr/4.3.3/avr5\libgcc.a(_lt_sf.o)
                0x0000084a                __ltsf2
 .text          0x000008aa       0xbc c:/eclipse/imt_sdk_win_64/winavr/bin/../lib/gcc/avr/4.3.3/avr5\libgcc.a(_si_to_sf.o)
                0x000008aa                __floatsisf
 .text          0x00000966       0xa8 c:/eclipse/imt_sdk_win_64/winavr/bin/../lib/gcc/avr/4.3.3/avr5\libgcc.a(_sf_to_si.o)
                0x00000966                __fixsfsi
 .text          0x00000a0e        0x0 c:/eclipse/imt_sdk_win_64/winavr/bin/../lib/gcc/avr/4.3.3/avr5\libgcc.a(_thenan_sf.o)
 .text          0x00000a0e       0xf2 c:/eclipse/imt_sdk_win_64/winavr/bin/../lib/gcc/avr/4.3.3/avr5\libgcc.a(_usi_to_sf.o)
                0x00000a0e                __floatunsisf
 .text          0x00000b00        0x0 c:/eclipse/imt_sdk_win_64/winavr/bin/../lib/gcc/avr/4.3.3/avr5\libgcc.a(_prologue.o)
 .text          0x00000b00        0x0 c:/eclipse/imt_sdk_win_64/winavr/bin/../lib/gcc/avr/4.3.3/avr5\libgcc.a(_epilogue.o)
 .text          0x00000b00       0x9e c:/eclipse/imt_sdk_win_64/winavr/bin/../lib/gcc/avr/4.3.3/avr5\libgcc.a(_clzsi2.o)
                0x00000b00                __clzsi2
 .text          0x00000b9e      0x1aa c:/eclipse/imt_sdk_win_64/winavr/bin/../lib/gcc/avr/4.3.3/avr5\libgcc.a(_pack_sf.o)
                0x00000b9e                __pack_f
 .text          0x00000d48       0xf0 c:/eclipse/imt_sdk_win_64/winavr/bin/../lib/gcc/avr/4.3.3/avr5\libgcc.a(_unpack_sf.o)
                0x00000d48                __unpack_f
 .text          0x00000e38       0xb2 c:/eclipse/imt_sdk_win_64/winavr/bin/../lib/gcc/avr/4.3.3/avr5\libgcc.a(_fpcmp_parts_sf.o)
                0x00000e38                __fpcmp_parts_f
 .text          0x00000eea        0x0 c:/eclipse/imt_sdk_win_64/winavr/bin/../lib/gcc/avr/4.3.3/avr5\libgcc.a(_clz.o)
                0x00000eea                . = ALIGN (0x2)
 *(.text.*)
 .text.WDT_voidStart
                0x00000eea      0x1f8 ./03-MCAL/WDT/WDT_program.o
                0x00000eea                WDT_voidStart
 .text.WDT_voidDisable
                0x000010e2       0x22 ./03-MCAL/WDT/WDT_program.o
                0x000010e2                WDT_voidDisable
 .text.UART_voidIni
                0x00001104      0x166 ./03-MCAL/UART/UART_program.o
                0x00001104                UART_voidIni
 .text.UART_voidTransmit
                0x0000126a       0x4e ./03-MCAL/UART/UART_program.o
                0x0000126a                UART_voidTransmit
 .text.UART_u8Receive
                0x000012b8       0x1e ./03-MCAL/UART/UART_program.o
                0x000012b8                UART_u8Receive
 .text.UART_u8Transceive
                0x000012d6       0x1e ./03-MCAL/UART/UART_program.o
                0x000012d6                UART_u8Transceive
 .text.UART_voidTransmitString
                0x000012f4       0x74 ./03-MCAL/UART/UART_program.o
                0x000012f4                UART_voidTransmitString
 .text.TWI_voidInit
                0x00001368      0x102 ./03-MCAL/TWI/TWI_program.o
                0x00001368                TWI_voidInit
 .text.TWI_ErrorStateStart
                0x0000146a       0x5c ./03-MCAL/TWI/TWI_program.o
                0x0000146a                TWI_ErrorStateStart
 .text.TWI_voidStop
                0x000014c6       0x2c ./03-MCAL/TWI/TWI_program.o
                0x000014c6                TWI_voidStop
 .text.TWI_ErrorStatePutChar
                0x000014f2       0x72 ./03-MCAL/TWI/TWI_program.o
                0x000014f2                TWI_ErrorStatePutChar
 .text.TWI_u8GetCharAck
                0x00001564       0x26 ./03-MCAL/TWI/TWI_program.o
                0x00001564                TWI_u8GetCharAck
 .text.TWI_u8GetCharNack
                0x0000158a       0x26 ./03-MCAL/TWI/TWI_program.o
                0x0000158a                TWI_u8GetCharNack
 .text.TWI_ErrorStateWrite
                0x000015b0       0xb0 ./03-MCAL/TWI/TWI_program.o
                0x000015b0                TWI_ErrorStateWrite
 .text.TWI_ErrorStateRead
                0x00001660       0xf6 ./03-MCAL/TWI/TWI_program.o
                0x00001660                TWI_ErrorStateRead
 .text.TIM_voidIni
                0x00001756      0x14e ./03-MCAL/TIM/TIM_program.o
                0x00001756                TIM_voidIni
 .text.TIM_voidStart
                0x000018a4      0x6a8 ./03-MCAL/TIM/TIM_program.o
                0x000018a4                TIM_voidStart
 .text.TIM_voidStop
                0x00001f4c       0xdc ./03-MCAL/TIM/TIM_program.o
                0x00001f4c                TIM_voidStop
 .text.TIM_voidEnableIntterput
                0x00002028      0x136 ./03-MCAL/TIM/TIM_program.o
                0x00002028                TIM_voidEnableIntterput
 .text.TIM_voidDisableIntterput
                0x0000215e      0x126 ./03-MCAL/TIM/TIM_program.o
                0x0000215e                TIM_voidDisableIntterput
 .text.TIM_voidGetISR
                0x00002284       0xfa ./03-MCAL/TIM/TIM_program.o
                0x00002284                TIM_voidGetISR
 .text.TIM_u16GetTimerCount
                0x0000237e       0x7c ./03-MCAL/TIM/TIM_program.o
                0x0000237e                TIM_u16GetTimerCount
 .text.TIM_voidSetComperMatch
                0x000023fa       0xa8 ./03-MCAL/TIM/TIM_program.o
                0x000023fa                TIM_voidSetComperMatch
 .text.TIM_voidSetCountRegister
                0x000024a2       0x6a ./03-MCAL/TIM/TIM_program.o
                0x000024a2                TIM_voidSetCountRegister
 .text.TIM_voidMakeActionAsynchronous
                0x0000250c      0x35a ./03-MCAL/TIM/TIM_program.o
                0x0000250c                TIM_voidMakeActionAsynchronous
 .text.TIM_voidSetPWMDC
                0x00002866      0x164 ./03-MCAL/TIM/TIM_program.o
                0x00002866                TIM_voidSetPWMDC
 .text.TIM0_ActionAsynchronou
                0x000029ca       0xa2 ./03-MCAL/TIM/TIM_program.o
 .text.TIM1_ActionAsynchronou
                0x00002a6c       0xa2 ./03-MCAL/TIM/TIM_program.o
 .text.TIM2_ActionAsynchronou
                0x00002b0e       0xa2 ./03-MCAL/TIM/TIM_program.o
 .text.__vector_4
                0x00002bb0       0x66 ./03-MCAL/TIM/TIM_program.o
                0x00002bb0                __vector_4
 .text.__vector_5
                0x00002c16       0x66 ./03-MCAL/TIM/TIM_program.o
                0x00002c16                __vector_5
 .text.__vector_6
                0x00002c7c       0x66 ./03-MCAL/TIM/TIM_program.o
                0x00002c7c                __vector_6
 .text.__vector_7
                0x00002ce2       0x66 ./03-MCAL/TIM/TIM_program.o
                0x00002ce2                __vector_7
 .text.__vector_8
                0x00002d48       0x66 ./03-MCAL/TIM/TIM_program.o
                0x00002d48                __vector_8
 .text.__vector_9
                0x00002dae       0x66 ./03-MCAL/TIM/TIM_program.o
                0x00002dae                __vector_9
 .text.__vector_10
                0x00002e14       0x66 ./03-MCAL/TIM/TIM_program.o
                0x00002e14                __vector_10
 .text.__vector_11
                0x00002e7a       0x66 ./03-MCAL/TIM/TIM_program.o
                0x00002e7a                __vector_11
 .text.SPI_voidInit_Master
                0x00002ee0      0x1f8 ./03-MCAL/SPI/SPI_program.o
                0x00002ee0                SPI_voidInit_Master
 .text.SPI_u8Transcieve
                0x000030d8       0x2c ./03-MCAL/SPI/SPI_program.o
                0x000030d8                SPI_u8Transcieve
 .text.Intrrupt_Init
                0x00003104      0x1fe ./03-MCAL/EXTI/EXTI.o
                0x00003104                Intrrupt_Init
 .text.Intrrupt_Enabled
                0x00003302       0x7c ./03-MCAL/EXTI/EXTI.o
                0x00003302                Intrrupt_Enabled
 .text.Intrrupt_Disabled
                0x0000337e       0x6e ./03-MCAL/EXTI/EXTI.o
                0x0000337e                Intrrupt_Disabled
 .text.Intrrupt_GetFun
                0x000033ec       0x72 ./03-MCAL/EXTI/EXTI.o
                0x000033ec                Intrrupt_GetFun
 .text.__vector_1
                0x0000345e       0x66 ./03-MCAL/EXTI/EXTI.o
                0x0000345e                __vector_1
 .text.__vector_2
                0x000034c4       0x66 ./03-MCAL/EXTI/EXTI.o
                0x000034c4                __vector_2
 .text.__vector_3
                0x0000352a       0x66 ./03-MCAL/EXTI/EXTI.o
                0x0000352a                __vector_3
 .text.DIO_voidIniPins
                0x00003590       0x4a ./03-MCAL/DIO/DIO_program.o
                0x00003590                DIO_voidIniPins
 .text.DIO_voidSetPinsValue
                0x000035da       0x4a ./03-MCAL/DIO/DIO_program.o
                0x000035da                DIO_voidSetPinsValue
 .text.DIO_u8GetPinsValue
                0x00003624       0x28 ./03-MCAL/DIO/DIO_program.o
                0x00003624                DIO_u8GetPinsValue
 .text.DIO_voidTogglePins
                0x0000364c       0x2e ./03-MCAL/DIO/DIO_program.o
                0x0000364c                DIO_voidTogglePins
 .text.DIO_voidSetPortValue
                0x0000367a       0x26 ./03-MCAL/DIO/DIO_program.o
                0x0000367a                DIO_voidSetPortValue
 .text.ADC_voidini
                0x000036a0       0x70 ./03-MCAL/ADC/ADC_program.o
                0x000036a0                ADC_voidini
 .text.ADC_voidEnable
                0x00003710       0x20 ./03-MCAL/ADC/ADC_program.o
                0x00003710                ADC_voidEnable
 .text.ADC_voidDisable
                0x00003730       0x20 ./03-MCAL/ADC/ADC_program.o
                0x00003730                ADC_voidDisable
 .text.ADC_u16Conversion
                0x00003750      0x444 ./03-MCAL/ADC/ADC_program.o
                0x00003750                ADC_u16Conversion
 .text.Servo_voidini
                0x00003b94       0x34 ./02-HAL/Servo/Servo.o
                0x00003b94                Servo_voidini
 .text.Servo_voidMoveToLocation
                0x00003bc8       0x92 ./02-HAL/Servo/Servo.o
                0x00003bc8                Servo_voidMoveToLocation
 .text.STEPPER_voidini
                0x00003c5a       0x46 ./02-HAL/STEPPER/STEPPER.o
                0x00003c5a                STEPPER_voidini
 .text.STEPPER_voidGoToPotion
                0x00003ca0      0x350 ./02-HAL/STEPPER/STEPPER.o
                0x00003ca0                STEPPER_voidGoToPotion
 .text.STEPPER_voidRotat
                0x00003ff0       0x42 ./02-HAL/STEPPER/STEPPER.o
                0x00003ff0                STEPPER_voidRotat
 .text.STEPPER_voidMoveRight
                0x00004032       0x38 ./02-HAL/STEPPER/STEPPER.o
 .text.STEPPER_voidMoveLeft
                0x0000406a       0x3c ./02-HAL/STEPPER/STEPPER.o
 .text.LCD_voidSendData
                0x000040a6      0x230 ./02-HAL/LCD/LCD.o
                0x000040a6                LCD_voidSendData
 .text.LCD_voidSendCommand
                0x000042d6      0x230 ./02-HAL/LCD/LCD.o
                0x000042d6                LCD_voidSendCommand
 .text.LCD_voidini
                0x00004506      0x516 ./02-HAL/LCD/LCD.o
                0x00004506                LCD_voidini
 .text.LCD_voidSetCursorLocation
                0x00004a1c       0x54 ./02-HAL/LCD/LCD.o
                0x00004a1c                LCD_voidSetCursorLocation
 .text.LCD_voidClearDisplay
                0x00004a70       0x14 ./02-HAL/LCD/LCD.o
                0x00004a70                LCD_voidClearDisplay
 .text.LCD_voidwriteString
                0x00004a84       0x54 ./02-HAL/LCD/LCD.o
                0x00004a84                LCD_voidwriteString
 .text.LCD_voidWriteNumber
                0x00004ad8       0xfa ./02-HAL/LCD/LCD.o
                0x00004ad8                LCD_voidWriteNumber
 .text.LCD_voidWriteFloatNumber
                0x00004bd2      0x246 ./02-HAL/LCD/LCD.o
                0x00004bd2                LCD_voidWriteFloatNumber
 .text.KEYPAD_voidini
                0x00004e18       0x86 ./02-HAL/KEYPAD/KEYPAD.o
                0x00004e18                KEYPAD_voidini
 .text.KEYPAD_u8Scan
                0x00004e9e      0x1f4 ./02-HAL/KEYPAD/KEYPAD.o
                0x00004e9e                KEYPAD_u8Scan
 .text.KEYPAD_u8ScanWithStop
                0x00005092      0x226 ./02-HAL/KEYPAD/KEYPAD.o
                0x00005092                KEYPAD_u8ScanWithStop
 .text.HICU_voidAttachICU
                0x000052b8       0x28 ./02-HAL/HICU/HICU_program.o
                0x000052b8                HICU_voidAttachICU
 .text.HICU_voidGetPWMVlues
                0x000052e0       0x5a ./02-HAL/HICU/HICU_program.o
                0x000052e0                HICU_voidGetPWMVlues
 .text.HICU_voidICUAlgorithm
                0x0000533a      0x1cc ./02-HAL/HICU/HICU_program.o
 .text.Toggle_led1
                0x00005506       0x26 ./01-APP/main.o
                0x00005506                Toggle_led1
 .text.Toggle_led2
                0x0000552c       0x26 ./01-APP/main.o
                0x0000552c                Toggle_led2
 .text.Red_blink
                0x00005552      0x34a ./01-APP/main.o
                0x00005552                Red_blink
 .text.keypad_mode
                0x0000589c      0x5fe ./01-APP/main.o
                0x0000589c                keypad_mode
 .text.main     0x00005e9a      0xd8a ./01-APP/main.o
                0x00005e9a                main
 .text.libgcc   0x00006c24       0x3e c:/eclipse/imt_sdk_win_64/winavr/bin/../lib/gcc/avr/4.3.3/avr5\libgcc.a(_mulsi3.o)
                0x00006c24                __mulsi3
 .text.libgcc   0x00006c62       0x44 c:/eclipse/imt_sdk_win_64/winavr/bin/../lib/gcc/avr/4.3.3/avr5\libgcc.a(_udivmodsi4.o)
                0x00006c62                __udivmodsi4
 .text.libgcc   0x00006ca6        0x0 c:/eclipse/imt_sdk_win_64/winavr/bin/../lib/gcc/avr/4.3.3/avr5\libgcc.a(_exit.o)
 .text.libgcc   0x00006ca6        0x0 c:/eclipse/imt_sdk_win_64/winavr/bin/../lib/gcc/avr/4.3.3/avr5\libgcc.a(_copy_data.o)
 .text.libgcc   0x00006ca6        0x0 c:/eclipse/imt_sdk_win_64/winavr/bin/../lib/gcc/avr/4.3.3/avr5\libgcc.a(_clear_bss.o)
 .text.libgcc   0x00006ca6       0x38 c:/eclipse/imt_sdk_win_64/winavr/bin/../lib/gcc/avr/4.3.3/avr5\libgcc.a(_prologue.o)
                0x00006ca6                __prologue_saves__
 .text.libgcc   0x00006cde       0x36 c:/eclipse/imt_sdk_win_64/winavr/bin/../lib/gcc/avr/4.3.3/avr5\libgcc.a(_epilogue.o)
                0x00006cde                __epilogue_restores__
                0x00006d14                . = ALIGN (0x2)
 *(.fini9)
 .fini9         0x00006d14        0x0 c:/eclipse/imt_sdk_win_64/winavr/bin/../lib/gcc/avr/4.3.3/avr5\libgcc.a(_exit.o)
                0x00006d14                exit
                0x00006d14                _exit
 *(.fini9)
 *(.fini8)
 *(.fini8)
 *(.fini7)
 *(.fini7)
 *(.fini6)
 *(.fini6)
 *(.fini5)
 *(.fini5)
 *(.fini4)
 *(.fini4)
 *(.fini3)
 *(.fini3)
 *(.fini2)
 *(.fini2)
 *(.fini1)
 *(.fini1)
 *(.fini0)
 .fini0         0x00006d14        0x4 c:/eclipse/imt_sdk_win_64/winavr/bin/../lib/gcc/avr/4.3.3/avr5\libgcc.a(_exit.o)
 *(.fini0)
                0x00006d18                _etext = .

.data           0x00800060      0x1d2 load address 0x00006d18
                0x00800060                PROVIDE (__data_start, .)
 *(.data)
 .data          0x00800060        0x0 c:/eclipse/imt_sdk_win_64/winavr/bin/../lib/gcc/avr/4.3.3/../../../../avr/lib/avr5/crtm32.o
 .data          0x00800060        0x0 ./03-MCAL/WDT/WDT_program.o
 .data          0x00800060        0x0 ./03-MCAL/UART/UART_program.o
 .data          0x00800060        0x0 ./03-MCAL/TWI/TWI_program.o
 .data          0x00800060        0x0 ./03-MCAL/TIM/TIM_program.o
 .data          0x00800060        0x0 ./03-MCAL/SPI/SPI_program.o
 .data          0x00800060        0x0 ./03-MCAL/EXTI/EXTI.o
 .data          0x00800060        0x0 ./03-MCAL/DIO/DIO_program.o
 .data          0x00800060        0x0 ./03-MCAL/ADC/ADC_program.o
 .data          0x00800060        0x0 ./02-HAL/Servo/Servo.o
 .data          0x00800060        0x0 ./02-HAL/STEPPER/STEPPER.o
 .data          0x00800060        0x0 ./02-HAL/LCD/LCD.o
 .data          0x00800060        0x0 ./02-HAL/KEYPAD/KEYPAD.o
 .data          0x00800060        0x0 ./02-HAL/HICU/HICU_program.o
 .data          0x00800060       0xac ./01-APP/main.o
 .data          0x0080010c        0x0 c:/eclipse/imt_sdk_win_64/winavr/bin/../lib/gcc/avr/4.3.3/avr5\libgcc.a(_mulsi3.o)
 .data          0x0080010c        0x0 c:/eclipse/imt_sdk_win_64/winavr/bin/../lib/gcc/avr/4.3.3/avr5\libgcc.a(_udivmodsi4.o)
 .data          0x0080010c        0x0 c:/eclipse/imt_sdk_win_64/winavr/bin/../lib/gcc/avr/4.3.3/avr5\libgcc.a(_exit.o)
 .data          0x0080010c        0x0 c:/eclipse/imt_sdk_win_64/winavr/bin/../lib/gcc/avr/4.3.3/avr5\libgcc.a(_copy_data.o)
 .data          0x0080010c        0x0 c:/eclipse/imt_sdk_win_64/winavr/bin/../lib/gcc/avr/4.3.3/avr5\libgcc.a(_clear_bss.o)
 .data          0x0080010c        0x0 c:/eclipse/imt_sdk_win_64/winavr/bin/../lib/gcc/avr/4.3.3/avr5\libgcc.a(_fixunssfsi.o)
 .data          0x0080010c        0x0 c:/eclipse/imt_sdk_win_64/winavr/bin/../lib/gcc/avr/4.3.3/avr5\libgcc.a(_addsub_sf.o)
 .data          0x0080010c        0x0 c:/eclipse/imt_sdk_win_64/winavr/bin/../lib/gcc/avr/4.3.3/avr5\libgcc.a(_mul_sf.o)
 .data          0x0080010c        0x0 c:/eclipse/imt_sdk_win_64/winavr/bin/../lib/gcc/avr/4.3.3/avr5\libgcc.a(_div_sf.o)
 .data          0x0080010c        0x0 c:/eclipse/imt_sdk_win_64/winavr/bin/../lib/gcc/avr/4.3.3/avr5\libgcc.a(_gt_sf.o)
 .data          0x0080010c        0x0 c:/eclipse/imt_sdk_win_64/winavr/bin/../lib/gcc/avr/4.3.3/avr5\libgcc.a(_ge_sf.o)
 .data          0x0080010c        0x0 c:/eclipse/imt_sdk_win_64/winavr/bin/../lib/gcc/avr/4.3.3/avr5\libgcc.a(_lt_sf.o)
 .data          0x0080010c        0x0 c:/eclipse/imt_sdk_win_64/winavr/bin/../lib/gcc/avr/4.3.3/avr5\libgcc.a(_si_to_sf.o)
 .data          0x0080010c        0x0 c:/eclipse/imt_sdk_win_64/winavr/bin/../lib/gcc/avr/4.3.3/avr5\libgcc.a(_sf_to_si.o)
 .data          0x0080010c        0x8 c:/eclipse/imt_sdk_win_64/winavr/bin/../lib/gcc/avr/4.3.3/avr5\libgcc.a(_thenan_sf.o)
                0x0080010c                __thenan_sf
 .data          0x00800114        0x0 c:/eclipse/imt_sdk_win_64/winavr/bin/../lib/gcc/avr/4.3.3/avr5\libgcc.a(_usi_to_sf.o)
 .data          0x00800114        0x0 c:/eclipse/imt_sdk_win_64/winavr/bin/../lib/gcc/avr/4.3.3/avr5\libgcc.a(_prologue.o)
 .data          0x00800114        0x0 c:/eclipse/imt_sdk_win_64/winavr/bin/../lib/gcc/avr/4.3.3/avr5\libgcc.a(_epilogue.o)
 .data          0x00800114        0x0 c:/eclipse/imt_sdk_win_64/winavr/bin/../lib/gcc/avr/4.3.3/avr5\libgcc.a(_clzsi2.o)
 .data          0x00800114        0x0 c:/eclipse/imt_sdk_win_64/winavr/bin/../lib/gcc/avr/4.3.3/avr5\libgcc.a(_pack_sf.o)
 .data          0x00800114        0x0 c:/eclipse/imt_sdk_win_64/winavr/bin/../lib/gcc/avr/4.3.3/avr5\libgcc.a(_unpack_sf.o)
 .data          0x00800114        0x0 c:/eclipse/imt_sdk_win_64/winavr/bin/../lib/gcc/avr/4.3.3/avr5\libgcc.a(_fpcmp_parts_sf.o)
 .data          0x00800114      0x100 c:/eclipse/imt_sdk_win_64/winavr/bin/../lib/gcc/avr/4.3.3/avr5\libgcc.a(_clz.o)
                0x00800114                __clz_tab
 *(.data*)
 .data.correct_password
                0x00800214        0x2 ./01-APP/main.o
                0x00800214                correct_password
 *(.rodata)
 *(.rodata*)
 .rodata.glople_u8arraySteps
                0x00800216        0x4 ./02-HAL/STEPPER/STEPPER.o
 .rodata.ROWS   0x0080021a        0x4 ./02-HAL/KEYPAD/KEYPAD.o
 .rodata.COLUMS
                0x0080021e        0x4 ./02-HAL/KEYPAD/KEYPAD.o
 .rodata.KEYS   0x00800222       0x10 ./02-HAL/KEYPAD/KEYPAD.o
 *(.gnu.linkonce.d*)
                0x00800232                . = ALIGN (0x2)
                0x00800232                _edata = .
                0x00800232                PROVIDE (__data_end, .)

.bss            0x00800232       0x51
                0x00800232                PROVIDE (__bss_start, .)
 *(.bss)
 .bss           0x00800232        0x0 c:/eclipse/imt_sdk_win_64/winavr/bin/../lib/gcc/avr/4.3.3/../../../../avr/lib/avr5/crtm32.o
 .bss           0x00800232        0x0 ./03-MCAL/WDT/WDT_program.o
 .bss           0x00800232        0x0 ./03-MCAL/UART/UART_program.o
 .bss           0x00800232        0x0 ./03-MCAL/TWI/TWI_program.o
 .bss           0x00800232        0x0 ./03-MCAL/TIM/TIM_program.o
 .bss           0x00800232        0x0 ./03-MCAL/SPI/SPI_program.o
 .bss           0x00800232        0x0 ./03-MCAL/EXTI/EXTI.o
 .bss           0x00800232        0x0 ./03-MCAL/DIO/DIO_program.o
 .bss           0x00800232        0x0 ./03-MCAL/ADC/ADC_program.o
 .bss           0x00800232        0x0 ./02-HAL/Servo/Servo.o
 .bss           0x00800232        0x0 ./02-HAL/STEPPER/STEPPER.o
 .bss           0x00800232        0x0 ./02-HAL/LCD/LCD.o
 .bss           0x00800232        0x0 ./02-HAL/KEYPAD/KEYPAD.o
 .bss           0x00800232        0x0 ./02-HAL/HICU/HICU_program.o
 .bss           0x00800232        0x0 ./01-APP/main.o
 .bss           0x00800232        0x0 c:/eclipse/imt_sdk_win_64/winavr/bin/../lib/gcc/avr/4.3.3/avr5\libgcc.a(_mulsi3.o)
 .bss           0x00800232        0x0 c:/eclipse/imt_sdk_win_64/winavr/bin/../lib/gcc/avr/4.3.3/avr5\libgcc.a(_udivmodsi4.o)
 .bss           0x00800232        0x0 c:/eclipse/imt_sdk_win_64/winavr/bin/../lib/gcc/avr/4.3.3/avr5\libgcc.a(_exit.o)
 .bss           0x00800232        0x0 c:/eclipse/imt_sdk_win_64/winavr/bin/../lib/gcc/avr/4.3.3/avr5\libgcc.a(_copy_data.o)
 .bss           0x00800232        0x0 c:/eclipse/imt_sdk_win_64/winavr/bin/../lib/gcc/avr/4.3.3/avr5\libgcc.a(_clear_bss.o)
 .bss           0x00800232        0x0 c:/eclipse/imt_sdk_win_64/winavr/bin/../lib/gcc/avr/4.3.3/avr5\libgcc.a(_fixunssfsi.o)
 .bss           0x00800232        0x0 c:/eclipse/imt_sdk_win_64/winavr/bin/../lib/gcc/avr/4.3.3/avr5\libgcc.a(_addsub_sf.o)
 .bss           0x00800232        0x0 c:/eclipse/imt_sdk_win_64/winavr/bin/../lib/gcc/avr/4.3.3/avr5\libgcc.a(_mul_sf.o)
 .bss           0x00800232        0x0 c:/eclipse/imt_sdk_win_64/winavr/bin/../lib/gcc/avr/4.3.3/avr5\libgcc.a(_div_sf.o)
 .bss           0x00800232        0x0 c:/eclipse/imt_sdk_win_64/winavr/bin/../lib/gcc/avr/4.3.3/avr5\libgcc.a(_gt_sf.o)
 .bss           0x00800232        0x0 c:/eclipse/imt_sdk_win_64/winavr/bin/../lib/gcc/avr/4.3.3/avr5\libgcc.a(_ge_sf.o)
 .bss           0x00800232        0x0 c:/eclipse/imt_sdk_win_64/winavr/bin/../lib/gcc/avr/4.3.3/avr5\libgcc.a(_lt_sf.o)
 .bss           0x00800232        0x0 c:/eclipse/imt_sdk_win_64/winavr/bin/../lib/gcc/avr/4.3.3/avr5\libgcc.a(_si_to_sf.o)
 .bss           0x00800232        0x0 c:/eclipse/imt_sdk_win_64/winavr/bin/../lib/gcc/avr/4.3.3/avr5\libgcc.a(_sf_to_si.o)
 .bss           0x00800232        0x0 c:/eclipse/imt_sdk_win_64/winavr/bin/../lib/gcc/avr/4.3.3/avr5\libgcc.a(_thenan_sf.o)
 .bss           0x00800232        0x0 c:/eclipse/imt_sdk_win_64/winavr/bin/../lib/gcc/avr/4.3.3/avr5\libgcc.a(_usi_to_sf.o)
 .bss           0x00800232        0x0 c:/eclipse/imt_sdk_win_64/winavr/bin/../lib/gcc/avr/4.3.3/avr5\libgcc.a(_prologue.o)
 .bss           0x00800232        0x0 c:/eclipse/imt_sdk_win_64/winavr/bin/../lib/gcc/avr/4.3.3/avr5\libgcc.a(_epilogue.o)
 .bss           0x00800232        0x0 c:/eclipse/imt_sdk_win_64/winavr/bin/../lib/gcc/avr/4.3.3/avr5\libgcc.a(_clzsi2.o)
 .bss           0x00800232        0x0 c:/eclipse/imt_sdk_win_64/winavr/bin/../lib/gcc/avr/4.3.3/avr5\libgcc.a(_pack_sf.o)
 .bss           0x00800232        0x0 c:/eclipse/imt_sdk_win_64/winavr/bin/../lib/gcc/avr/4.3.3/avr5\libgcc.a(_unpack_sf.o)
 .bss           0x00800232        0x0 c:/eclipse/imt_sdk_win_64/winavr/bin/../lib/gcc/avr/4.3.3/avr5\libgcc.a(_fpcmp_parts_sf.o)
 .bss           0x00800232        0x0 c:/eclipse/imt_sdk_win_64/winavr/bin/../lib/gcc/avr/4.3.3/avr5\libgcc.a(_clz.o)
 *(.bss*)
 .bss.TIMER2_COMP_pf
                0x00800232        0x2 ./03-MCAL/TIM/TIM_program.o
 .bss.TIMER2_OVF_pf
                0x00800234        0x2 ./03-MCAL/TIM/TIM_program.o
 .bss.TIMER1_CAPT_pf
                0x00800236        0x2 ./03-MCAL/TIM/TIM_program.o
 .bss.TIMER1_COMPA_pf
                0x00800238        0x2 ./03-MCAL/TIM/TIM_program.o
 .bss.TIMER1_COMPB_pf
                0x0080023a        0x2 ./03-MCAL/TIM/TIM_program.o
 .bss.TIMER1_OVF_pf
                0x0080023c        0x2 ./03-MCAL/TIM/TIM_program.o
 .bss.TIMER0_COMP_pf
                0x0080023e        0x2 ./03-MCAL/TIM/TIM_program.o
 .bss.TIMER0_OVF_pf
                0x00800240        0x2 ./03-MCAL/TIM/TIM_program.o
 .bss.TIM0_ActionAsynchronou_ptr
                0x00800242        0x2 ./03-MCAL/TIM/TIM_program.o
 .bss.TIM1_ActionAsynchronou_ptr
                0x00800244        0x2 ./03-MCAL/TIM/TIM_program.o
 .bss.TIM2_ActionAsynchronou_ptr
                0x00800246        0x2 ./03-MCAL/TIM/TIM_program.o
 .bss.TIM0_PreLoadCunts
                0x00800248        0x1 ./03-MCAL/TIM/TIM_program.o
 .bss.TIM1_PreLoadCunts
                0x00800249        0x2 ./03-MCAL/TIM/TIM_program.o
 .bss.TIM2_PreLoadCunts
                0x0080024b        0x1 ./03-MCAL/TIM/TIM_program.o
 .bss.TIM0_OverFlowTimes
                0x0080024c        0x4 ./03-MCAL/TIM/TIM_program.o
 .bss.TIM1_OverFlowTimes
                0x00800250        0x4 ./03-MCAL/TIM/TIM_program.o
 .bss.TIM2_OverFlowTimes
                0x00800254        0x4 ./03-MCAL/TIM/TIM_program.o
 .bss.counter.2055
                0x00800258        0x4 ./03-MCAL/TIM/TIM_program.o
 .bss.counter.2073
                0x0080025c        0x4 ./03-MCAL/TIM/TIM_program.o
 .bss.counter.2090
                0x00800260        0x4 ./03-MCAL/TIM/TIM_program.o
 .bss.INT0_pf   0x00800264        0x2 ./03-MCAL/EXTI/EXTI.o
 .bss.INT1_pf   0x00800266        0x2 ./03-MCAL/EXTI/EXTI.o
 .bss.INT2_pf   0x00800268        0x2 ./03-MCAL/EXTI/EXTI.o
 .bss.DutyCycle
                0x0080026a        0x4 ./02-HAL/HICU/HICU_program.o
 .bss.Frequncy  0x0080026e        0x4 ./02-HAL/HICU/HICU_program.o
 .bss.Local_TIMTypePWMTimeOFFCount.1292
                0x00800272        0x2 ./02-HAL/HICU/HICU_program.o
 .bss.Local_TIMTypePWMTimeONCount.1291
                0x00800274        0x2 ./02-HAL/HICU/HICU_program.o
 .bss.Local_TIMTypeTempCount.1290
                0x00800276        0x2 ./02-HAL/HICU/HICU_program.o
 .bss.State.1289
                0x00800278        0x1 ./02-HAL/HICU/HICU_program.o
 .bss.UART_character
                0x00800279        0x1 ./01-APP/main.o
                0x00800279                UART_character
 .bss.local_u8KeypadValue
                0x0080027a        0x1 ./01-APP/main.o
                0x0080027a                local_u8KeypadValue
 .bss.user_password_keypad
                0x0080027b        0x2 ./01-APP/main.o
                0x0080027b                user_password_keypad
 .bss.user_password_web
                0x0080027d        0x2 ./01-APP/main.o
                0x0080027d                user_password_web
 .bss.password_repeated_times_keypad
                0x0080027f        0x2 ./01-APP/main.o
                0x0080027f                password_repeated_times_keypad
 .bss.password_repeated_times_web
                0x00800281        0x2 ./01-APP/main.o
                0x00800281                password_repeated_times_web
 *(COMMON)
                0x00800283                PROVIDE (__bss_end, .)
                0x00006d18                __data_load_start = LOADADDR (.data)
                0x00006eea                __data_load_end = (__data_load_start + SIZEOF (.data))

.noinit         0x00800283        0x0
                0x00800283                PROVIDE (__noinit_start, .)
 *(.noinit*)
                0x00800283                PROVIDE (__noinit_end, .)
                0x00800283                _end = .
                0x00800283                PROVIDE (__heap_start, .)

.eeprom         0x00810000        0x0
 *(.eeprom*)
                0x00810000                __eeprom_end = .

.fuse
 *(.fuse)
 *(.lfuse)
 *(.hfuse)
 *(.efuse)

.lock
 *(.lock*)

.signature
 *(.signature*)

.stab           0x00000000     0x67b0
 *(.stab)
 .stab          0x00000000      0x360 ./03-MCAL/WDT/WDT_program.o
 .stab          0x00000360      0x414 ./03-MCAL/UART/UART_program.o
                                0x420 (size before relaxing)
 .stab          0x00000774      0x684 ./03-MCAL/TWI/TWI_program.o
                                0x690 (size before relaxing)
 .stab          0x00000df8     0x120c ./03-MCAL/TIM/TIM_program.o
                               0x1218 (size before relaxing)
 .stab          0x00002004      0x390 ./03-MCAL/SPI/SPI_program.o
                                0x39c (size before relaxing)
 .stab          0x00002394      0x69c ./03-MCAL/EXTI/EXTI.o
                                0x6a8 (size before relaxing)
 .stab          0x00002a30      0x318 ./03-MCAL/DIO/DIO_program.o
                                0x324 (size before relaxing)
 .stab          0x00002d48      0x564 ./03-MCAL/ADC/ADC_program.o
                                0x570 (size before relaxing)
 .stab          0x000032ac      0x2dc ./02-HAL/Servo/Servo.o
                                0x498 (size before relaxing)
 .stab          0x00003588      0x5ac ./02-HAL/STEPPER/STEPPER.o
                                0x768 (size before relaxing)
 .stab          0x00003b34      0xd5c ./02-HAL/LCD/LCD.o
                                0xf18 (size before relaxing)
 .stab          0x00004890      0x5a0 ./02-HAL/KEYPAD/KEYPAD.o
                                0x75c (size before relaxing)
 .stab          0x00004e30      0x3e4 ./02-HAL/HICU/HICU_program.o
                                0x3f0 (size before relaxing)
 .stab          0x00005214     0x159c ./01-APP/main.o
                               0x1758 (size before relaxing)

.stabstr        0x00000000     0x3284
 *(.stabstr)
 .stabstr       0x00000000     0x3284 ./03-MCAL/WDT/WDT_program.o

.stab.excl
 *(.stab.excl)

.stab.exclstr
 *(.stab.exclstr)

.stab.index
 *(.stab.index)

.stab.indexstr
 *(.stab.indexstr)

.comment
 *(.comment)

.debug
 *(.debug)

.line
 *(.line)

.debug_srcinfo
 *(.debug_srcinfo)

.debug_sfnames
 *(.debug_sfnames)

.debug_aranges  0x00000000      0x1c0
 *(.debug_aranges)
 .debug_aranges
                0x00000000       0x20 c:/eclipse/imt_sdk_win_64/winavr/bin/../lib/gcc/avr/4.3.3/avr5\libgcc.a(_fixunssfsi.o)
 .debug_aranges
                0x00000020       0x20 c:/eclipse/imt_sdk_win_64/winavr/bin/../lib/gcc/avr/4.3.3/avr5\libgcc.a(_addsub_sf.o)
 .debug_aranges
                0x00000040       0x20 c:/eclipse/imt_sdk_win_64/winavr/bin/../lib/gcc/avr/4.3.3/avr5\libgcc.a(_mul_sf.o)
 .debug_aranges
                0x00000060       0x20 c:/eclipse/imt_sdk_win_64/winavr/bin/../lib/gcc/avr/4.3.3/avr5\libgcc.a(_div_sf.o)
 .debug_aranges
                0x00000080       0x20 c:/eclipse/imt_sdk_win_64/winavr/bin/../lib/gcc/avr/4.3.3/avr5\libgcc.a(_gt_sf.o)
 .debug_aranges
                0x000000a0       0x20 c:/eclipse/imt_sdk_win_64/winavr/bin/../lib/gcc/avr/4.3.3/avr5\libgcc.a(_ge_sf.o)
 .debug_aranges
                0x000000c0       0x20 c:/eclipse/imt_sdk_win_64/winavr/bin/../lib/gcc/avr/4.3.3/avr5\libgcc.a(_lt_sf.o)
 .debug_aranges
                0x000000e0       0x20 c:/eclipse/imt_sdk_win_64/winavr/bin/../lib/gcc/avr/4.3.3/avr5\libgcc.a(_si_to_sf.o)
 .debug_aranges
                0x00000100       0x20 c:/eclipse/imt_sdk_win_64/winavr/bin/../lib/gcc/avr/4.3.3/avr5\libgcc.a(_sf_to_si.o)
 .debug_aranges
                0x00000120       0x20 c:/eclipse/imt_sdk_win_64/winavr/bin/../lib/gcc/avr/4.3.3/avr5\libgcc.a(_usi_to_sf.o)
 .debug_aranges
                0x00000140       0x20 c:/eclipse/imt_sdk_win_64/winavr/bin/../lib/gcc/avr/4.3.3/avr5\libgcc.a(_clzsi2.o)
 .debug_aranges
                0x00000160       0x20 c:/eclipse/imt_sdk_win_64/winavr/bin/../lib/gcc/avr/4.3.3/avr5\libgcc.a(_pack_sf.o)
 .debug_aranges
                0x00000180       0x20 c:/eclipse/imt_sdk_win_64/winavr/bin/../lib/gcc/avr/4.3.3/avr5\libgcc.a(_unpack_sf.o)
 .debug_aranges
                0x000001a0       0x20 c:/eclipse/imt_sdk_win_64/winavr/bin/../lib/gcc/avr/4.3.3/avr5\libgcc.a(_fpcmp_parts_sf.o)

.debug_pubnames
                0x00000000      0x214
 *(.debug_pubnames)
 .debug_pubnames
                0x00000000       0x23 c:/eclipse/imt_sdk_win_64/winavr/bin/../lib/gcc/avr/4.3.3/avr5\libgcc.a(_fixunssfsi.o)
 .debug_pubnames
                0x00000023       0x2c c:/eclipse/imt_sdk_win_64/winavr/bin/../lib/gcc/avr/4.3.3/avr5\libgcc.a(_addsub_sf.o)
 .debug_pubnames
                0x0000004f       0x1f c:/eclipse/imt_sdk_win_64/winavr/bin/../lib/gcc/avr/4.3.3/avr5\libgcc.a(_mul_sf.o)
 .debug_pubnames
                0x0000006e       0x1f c:/eclipse/imt_sdk_win_64/winavr/bin/../lib/gcc/avr/4.3.3/avr5\libgcc.a(_div_sf.o)
 .debug_pubnames
                0x0000008d       0x1e c:/eclipse/imt_sdk_win_64/winavr/bin/../lib/gcc/avr/4.3.3/avr5\libgcc.a(_gt_sf.o)
 .debug_pubnames
                0x000000ab       0x1e c:/eclipse/imt_sdk_win_64/winavr/bin/../lib/gcc/avr/4.3.3/avr5\libgcc.a(_ge_sf.o)
 .debug_pubnames
                0x000000c9       0x1e c:/eclipse/imt_sdk_win_64/winavr/bin/../lib/gcc/avr/4.3.3/avr5\libgcc.a(_lt_sf.o)
 .debug_pubnames
                0x000000e7       0x22 c:/eclipse/imt_sdk_win_64/winavr/bin/../lib/gcc/avr/4.3.3/avr5\libgcc.a(_si_to_sf.o)
 .debug_pubnames
                0x00000109       0x20 c:/eclipse/imt_sdk_win_64/winavr/bin/../lib/gcc/avr/4.3.3/avr5\libgcc.a(_sf_to_si.o)
 .debug_pubnames
                0x00000129       0x22 c:/eclipse/imt_sdk_win_64/winavr/bin/../lib/gcc/avr/4.3.3/avr5\libgcc.a(_thenan_sf.o)
 .debug_pubnames
                0x0000014b       0x24 c:/eclipse/imt_sdk_win_64/winavr/bin/../lib/gcc/avr/4.3.3/avr5\libgcc.a(_usi_to_sf.o)
 .debug_pubnames
                0x0000016f       0x1f c:/eclipse/imt_sdk_win_64/winavr/bin/../lib/gcc/avr/4.3.3/avr5\libgcc.a(_clzsi2.o)
 .debug_pubnames
                0x0000018e       0x1f c:/eclipse/imt_sdk_win_64/winavr/bin/../lib/gcc/avr/4.3.3/avr5\libgcc.a(_pack_sf.o)
 .debug_pubnames
                0x000001ad       0x21 c:/eclipse/imt_sdk_win_64/winavr/bin/../lib/gcc/avr/4.3.3/avr5\libgcc.a(_unpack_sf.o)
 .debug_pubnames
                0x000001ce       0x26 c:/eclipse/imt_sdk_win_64/winavr/bin/../lib/gcc/avr/4.3.3/avr5\libgcc.a(_fpcmp_parts_sf.o)
 .debug_pubnames
                0x000001f4       0x20 c:/eclipse/imt_sdk_win_64/winavr/bin/../lib/gcc/avr/4.3.3/avr5\libgcc.a(_clz.o)

.debug_info     0x00000000     0x2612
 *(.debug_info)
 .debug_info    0x00000000       0xb1 c:/eclipse/imt_sdk_win_64/winavr/bin/../lib/gcc/avr/4.3.3/avr5\libgcc.a(_fixunssfsi.o)
 .debug_info    0x000000b1      0x47a c:/eclipse/imt_sdk_win_64/winavr/bin/../lib/gcc/avr/4.3.3/avr5\libgcc.a(_addsub_sf.o)
 .debug_info    0x0000052b      0x485 c:/eclipse/imt_sdk_win_64/winavr/bin/../lib/gcc/avr/4.3.3/avr5\libgcc.a(_mul_sf.o)
 .debug_info    0x000009b0      0x3fc c:/eclipse/imt_sdk_win_64/winavr/bin/../lib/gcc/avr/4.3.3/avr5\libgcc.a(_div_sf.o)
 .debug_info    0x00000dac      0x27f c:/eclipse/imt_sdk_win_64/winavr/bin/../lib/gcc/avr/4.3.3/avr5\libgcc.a(_gt_sf.o)
 .debug_info    0x0000102b      0x27f c:/eclipse/imt_sdk_win_64/winavr/bin/../lib/gcc/avr/4.3.3/avr5\libgcc.a(_ge_sf.o)
 .debug_info    0x000012aa      0x27f c:/eclipse/imt_sdk_win_64/winavr/bin/../lib/gcc/avr/4.3.3/avr5\libgcc.a(_lt_sf.o)
 .debug_info    0x00001529      0x207 c:/eclipse/imt_sdk_win_64/winavr/bin/../lib/gcc/avr/4.3.3/avr5\libgcc.a(_si_to_sf.o)
 .debug_info    0x00001730      0x2b0 c:/eclipse/imt_sdk_win_64/winavr/bin/../lib/gcc/avr/4.3.3/avr5\libgcc.a(_sf_to_si.o)
 .debug_info    0x000019e0      0x12c c:/eclipse/imt_sdk_win_64/winavr/bin/../lib/gcc/avr/4.3.3/avr5\libgcc.a(_thenan_sf.o)
 .debug_info    0x00001b0c      0x206 c:/eclipse/imt_sdk_win_64/winavr/bin/../lib/gcc/avr/4.3.3/avr5\libgcc.a(_usi_to_sf.o)
 .debug_info    0x00001d12      0x117 c:/eclipse/imt_sdk_win_64/winavr/bin/../lib/gcc/avr/4.3.3/avr5\libgcc.a(_clzsi2.o)
 .debug_info    0x00001e29      0x2df c:/eclipse/imt_sdk_win_64/winavr/bin/../lib/gcc/avr/4.3.3/avr5\libgcc.a(_pack_sf.o)
 .debug_info    0x00002108      0x251 c:/eclipse/imt_sdk_win_64/winavr/bin/../lib/gcc/avr/4.3.3/avr5\libgcc.a(_unpack_sf.o)
 .debug_info    0x00002359      0x210 c:/eclipse/imt_sdk_win_64/winavr/bin/../lib/gcc/avr/4.3.3/avr5\libgcc.a(_fpcmp_parts_sf.o)
 .debug_info    0x00002569       0xa9 c:/eclipse/imt_sdk_win_64/winavr/bin/../lib/gcc/avr/4.3.3/avr5\libgcc.a(_clz.o)
 *(.gnu.linkonce.wi.*)

.debug_abbrev   0x00000000     0x14ce
 *(.debug_abbrev)
 .debug_abbrev  0x00000000       0x5d c:/eclipse/imt_sdk_win_64/winavr/bin/../lib/gcc/avr/4.3.3/avr5\libgcc.a(_fixunssfsi.o)
 .debug_abbrev  0x0000005d      0x1ea c:/eclipse/imt_sdk_win_64/winavr/bin/../lib/gcc/avr/4.3.3/avr5\libgcc.a(_addsub_sf.o)
 .debug_abbrev  0x00000247      0x21b c:/eclipse/imt_sdk_win_64/winavr/bin/../lib/gcc/avr/4.3.3/avr5\libgcc.a(_mul_sf.o)
 .debug_abbrev  0x00000462      0x216 c:/eclipse/imt_sdk_win_64/winavr/bin/../lib/gcc/avr/4.3.3/avr5\libgcc.a(_div_sf.o)
 .debug_abbrev  0x00000678      0x15a c:/eclipse/imt_sdk_win_64/winavr/bin/../lib/gcc/avr/4.3.3/avr5\libgcc.a(_gt_sf.o)
 .debug_abbrev  0x000007d2      0x15a c:/eclipse/imt_sdk_win_64/winavr/bin/../lib/gcc/avr/4.3.3/avr5\libgcc.a(_ge_sf.o)
 .debug_abbrev  0x0000092c      0x15a c:/eclipse/imt_sdk_win_64/winavr/bin/../lib/gcc/avr/4.3.3/avr5\libgcc.a(_lt_sf.o)
 .debug_abbrev  0x00000a86      0x148 c:/eclipse/imt_sdk_win_64/winavr/bin/../lib/gcc/avr/4.3.3/avr5\libgcc.a(_si_to_sf.o)
 .debug_abbrev  0x00000bce      0x17f c:/eclipse/imt_sdk_win_64/winavr/bin/../lib/gcc/avr/4.3.3/avr5\libgcc.a(_sf_to_si.o)
 .debug_abbrev  0x00000d4d       0xad c:/eclipse/imt_sdk_win_64/winavr/bin/../lib/gcc/avr/4.3.3/avr5\libgcc.a(_thenan_sf.o)
 .debug_abbrev  0x00000dfa      0x157 c:/eclipse/imt_sdk_win_64/winavr/bin/../lib/gcc/avr/4.3.3/avr5\libgcc.a(_usi_to_sf.o)
 .debug_abbrev  0x00000f51       0xc4 c:/eclipse/imt_sdk_win_64/winavr/bin/../lib/gcc/avr/4.3.3/avr5\libgcc.a(_clzsi2.o)
 .debug_abbrev  0x00001015      0x1c0 c:/eclipse/imt_sdk_win_64/winavr/bin/../lib/gcc/avr/4.3.3/avr5\libgcc.a(_pack_sf.o)
 .debug_abbrev  0x000011d5      0x154 c:/eclipse/imt_sdk_win_64/winavr/bin/../lib/gcc/avr/4.3.3/avr5\libgcc.a(_unpack_sf.o)
 .debug_abbrev  0x00001329      0x13b c:/eclipse/imt_sdk_win_64/winavr/bin/../lib/gcc/avr/4.3.3/avr5\libgcc.a(_fpcmp_parts_sf.o)
 .debug_abbrev  0x00001464       0x6a c:/eclipse/imt_sdk_win_64/winavr/bin/../lib/gcc/avr/4.3.3/avr5\libgcc.a(_clz.o)

.debug_line     0x00000000     0x130b
 *(.debug_line)
 .debug_line    0x00000000       0xa7 c:/eclipse/imt_sdk_win_64/winavr/bin/../lib/gcc/avr/4.3.3/avr5\libgcc.a(_fixunssfsi.o)
 .debug_line    0x000000a7      0x2af c:/eclipse/imt_sdk_win_64/winavr/bin/../lib/gcc/avr/4.3.3/avr5\libgcc.a(_addsub_sf.o)
 .debug_line    0x00000356      0x239 c:/eclipse/imt_sdk_win_64/winavr/bin/../lib/gcc/avr/4.3.3/avr5\libgcc.a(_mul_sf.o)
 .debug_line    0x0000058f      0x1d5 c:/eclipse/imt_sdk_win_64/winavr/bin/../lib/gcc/avr/4.3.3/avr5\libgcc.a(_div_sf.o)
 .debug_line    0x00000764       0xd3 c:/eclipse/imt_sdk_win_64/winavr/bin/../lib/gcc/avr/4.3.3/avr5\libgcc.a(_gt_sf.o)
 .debug_line    0x00000837       0xd3 c:/eclipse/imt_sdk_win_64/winavr/bin/../lib/gcc/avr/4.3.3/avr5\libgcc.a(_ge_sf.o)
 .debug_line    0x0000090a       0xd3 c:/eclipse/imt_sdk_win_64/winavr/bin/../lib/gcc/avr/4.3.3/avr5\libgcc.a(_lt_sf.o)
 .debug_line    0x000009dd      0x135 c:/eclipse/imt_sdk_win_64/winavr/bin/../lib/gcc/avr/4.3.3/avr5\libgcc.a(_si_to_sf.o)
 .debug_line    0x00000b12      0x109 c:/eclipse/imt_sdk_win_64/winavr/bin/../lib/gcc/avr/4.3.3/avr5\libgcc.a(_sf_to_si.o)
 .debug_line    0x00000c1b       0x90 c:/eclipse/imt_sdk_win_64/winavr/bin/../lib/gcc/avr/4.3.3/avr5\libgcc.a(_thenan_sf.o)
 .debug_line    0x00000cab      0x133 c:/eclipse/imt_sdk_win_64/winavr/bin/../lib/gcc/avr/4.3.3/avr5\libgcc.a(_usi_to_sf.o)
 .debug_line    0x00000dde       0xa5 c:/eclipse/imt_sdk_win_64/winavr/bin/../lib/gcc/avr/4.3.3/avr5\libgcc.a(_clzsi2.o)
 .debug_line    0x00000e83      0x18a c:/eclipse/imt_sdk_win_64/winavr/bin/../lib/gcc/avr/4.3.3/avr5\libgcc.a(_pack_sf.o)
 .debug_line    0x0000100d      0x14b c:/eclipse/imt_sdk_win_64/winavr/bin/../lib/gcc/avr/4.3.3/avr5\libgcc.a(_unpack_sf.o)
 .debug_line    0x00001158      0x137 c:/eclipse/imt_sdk_win_64/winavr/bin/../lib/gcc/avr/4.3.3/avr5\libgcc.a(_fpcmp_parts_sf.o)
 .debug_line    0x0000128f       0x7c c:/eclipse/imt_sdk_win_64/winavr/bin/../lib/gcc/avr/4.3.3/avr5\libgcc.a(_clz.o)

.debug_frame    0x00000000      0x1e0
 *(.debug_frame)
 .debug_frame   0x00000000       0x20 c:/eclipse/imt_sdk_win_64/winavr/bin/../lib/gcc/avr/4.3.3/avr5\libgcc.a(_fixunssfsi.o)
 .debug_frame   0x00000020       0x40 c:/eclipse/imt_sdk_win_64/winavr/bin/../lib/gcc/avr/4.3.3/avr5\libgcc.a(_addsub_sf.o)
 .debug_frame   0x00000060       0x20 c:/eclipse/imt_sdk_win_64/winavr/bin/../lib/gcc/avr/4.3.3/avr5\libgcc.a(_mul_sf.o)
 .debug_frame   0x00000080       0x20 c:/eclipse/imt_sdk_win_64/winavr/bin/../lib/gcc/avr/4.3.3/avr5\libgcc.a(_div_sf.o)
 .debug_frame   0x000000a0       0x20 c:/eclipse/imt_sdk_win_64/winavr/bin/../lib/gcc/avr/4.3.3/avr5\libgcc.a(_gt_sf.o)
 .debug_frame   0x000000c0       0x20 c:/eclipse/imt_sdk_win_64/winavr/bin/../lib/gcc/avr/4.3.3/avr5\libgcc.a(_ge_sf.o)
 .debug_frame   0x000000e0       0x20 c:/eclipse/imt_sdk_win_64/winavr/bin/../lib/gcc/avr/4.3.3/avr5\libgcc.a(_lt_sf.o)
 .debug_frame   0x00000100       0x20 c:/eclipse/imt_sdk_win_64/winavr/bin/../lib/gcc/avr/4.3.3/avr5\libgcc.a(_si_to_sf.o)
 .debug_frame   0x00000120       0x20 c:/eclipse/imt_sdk_win_64/winavr/bin/../lib/gcc/avr/4.3.3/avr5\libgcc.a(_sf_to_si.o)
 .debug_frame   0x00000140       0x20 c:/eclipse/imt_sdk_win_64/winavr/bin/../lib/gcc/avr/4.3.3/avr5\libgcc.a(_usi_to_sf.o)
 .debug_frame   0x00000160       0x20 c:/eclipse/imt_sdk_win_64/winavr/bin/../lib/gcc/avr/4.3.3/avr5\libgcc.a(_clzsi2.o)
 .debug_frame   0x00000180       0x20 c:/eclipse/imt_sdk_win_64/winavr/bin/../lib/gcc/avr/4.3.3/avr5\libgcc.a(_pack_sf.o)
 .debug_frame   0x000001a0       0x20 c:/eclipse/imt_sdk_win_64/winavr/bin/../lib/gcc/avr/4.3.3/avr5\libgcc.a(_unpack_sf.o)
 .debug_frame   0x000001c0       0x20 c:/eclipse/imt_sdk_win_64/winavr/bin/../lib/gcc/avr/4.3.3/avr5\libgcc.a(_fpcmp_parts_sf.o)

.debug_str      0x00000000      0x307
 *(.debug_str)
 .debug_str     0x00000000       0xbf c:/eclipse/imt_sdk_win_64/winavr/bin/../lib/gcc/avr/4.3.3/avr5\libgcc.a(_fixunssfsi.o)
                                 0xfe (size before relaxing)
 .debug_str     0x000000bf      0x14d c:/eclipse/imt_sdk_win_64/winavr/bin/../lib/gcc/avr/4.3.3/avr5\libgcc.a(_addsub_sf.o)
                                0x206 (size before relaxing)
 .debug_str     0x0000020c       0x27 c:/eclipse/imt_sdk_win_64/winavr/bin/../lib/gcc/avr/4.3.3/avr5\libgcc.a(_mul_sf.o)
                                0x1bf (size before relaxing)
 .debug_str     0x00000233       0x35 c:/eclipse/imt_sdk_win_64/winavr/bin/../lib/gcc/avr/4.3.3/avr5\libgcc.a(_div_sf.o)
                                0x1c8 (size before relaxing)
 .debug_str     0x00000268        0x8 c:/eclipse/imt_sdk_win_64/winavr/bin/../lib/gcc/avr/4.3.3/avr5\libgcc.a(_gt_sf.o)
                                0x195 (size before relaxing)
 .debug_str     0x00000270        0x8 c:/eclipse/imt_sdk_win_64/winavr/bin/../lib/gcc/avr/4.3.3/avr5\libgcc.a(_ge_sf.o)
                                0x195 (size before relaxing)
 .debug_str     0x00000278        0x8 c:/eclipse/imt_sdk_win_64/winavr/bin/../lib/gcc/avr/4.3.3/avr5\libgcc.a(_lt_sf.o)
                                0x195 (size before relaxing)
 .debug_str     0x00000280       0x1e c:/eclipse/imt_sdk_win_64/winavr/bin/../lib/gcc/avr/4.3.3/avr5\libgcc.a(_si_to_sf.o)
                                0x17b (size before relaxing)
 .debug_str     0x0000029e        0xa c:/eclipse/imt_sdk_win_64/winavr/bin/../lib/gcc/avr/4.3.3/avr5\libgcc.a(_sf_to_si.o)
                                0x19e (size before relaxing)
 .debug_str     0x00000000      0x103 c:/eclipse/imt_sdk_win_64/winavr/bin/../lib/gcc/avr/4.3.3/avr5\libgcc.a(_thenan_sf.o)
 .debug_str     0x000002a8       0x14 c:/eclipse/imt_sdk_win_64/winavr/bin/../lib/gcc/avr/4.3.3/avr5\libgcc.a(_usi_to_sf.o)
                                0x177 (size before relaxing)
 .debug_str     0x000002bc       0x20 c:/eclipse/imt_sdk_win_64/winavr/bin/../lib/gcc/avr/4.3.3/avr5\libgcc.a(_clzsi2.o)
                                0x111 (size before relaxing)
 .debug_str     0x000002dc       0x10 c:/eclipse/imt_sdk_win_64/winavr/bin/../lib/gcc/avr/4.3.3/avr5\libgcc.a(_pack_sf.o)
                                0x19d (size before relaxing)
 .debug_str     0x000002ec        0xb c:/eclipse/imt_sdk_win_64/winavr/bin/../lib/gcc/avr/4.3.3/avr5\libgcc.a(_unpack_sf.o)
                                0x17f (size before relaxing)
 .debug_str     0x000002f7       0x10 c:/eclipse/imt_sdk_win_64/winavr/bin/../lib/gcc/avr/4.3.3/avr5\libgcc.a(_fpcmp_parts_sf.o)
                                0x163 (size before relaxing)
 .debug_str     0x00000000       0xf4 c:/eclipse/imt_sdk_win_64/winavr/bin/../lib/gcc/avr/4.3.3/avr5\libgcc.a(_clz.o)

.debug_loc      0x00000000      0xa1a
 *(.debug_loc)
 .debug_loc     0x00000000       0x34 c:/eclipse/imt_sdk_win_64/winavr/bin/../lib/gcc/avr/4.3.3/avr5\libgcc.a(_fixunssfsi.o)
 .debug_loc     0x00000034      0x32a c:/eclipse/imt_sdk_win_64/winavr/bin/../lib/gcc/avr/4.3.3/avr5\libgcc.a(_addsub_sf.o)
 .debug_loc     0x0000035e      0x104 c:/eclipse/imt_sdk_win_64/winavr/bin/../lib/gcc/avr/4.3.3/avr5\libgcc.a(_mul_sf.o)
 .debug_loc     0x00000462       0xc0 c:/eclipse/imt_sdk_win_64/winavr/bin/../lib/gcc/avr/4.3.3/avr5\libgcc.a(_div_sf.o)
 .debug_loc     0x00000522       0x3c c:/eclipse/imt_sdk_win_64/winavr/bin/../lib/gcc/avr/4.3.3/avr5\libgcc.a(_gt_sf.o)
 .debug_loc     0x0000055e       0x3c c:/eclipse/imt_sdk_win_64/winavr/bin/../lib/gcc/avr/4.3.3/avr5\libgcc.a(_ge_sf.o)
 .debug_loc     0x0000059a       0x3c c:/eclipse/imt_sdk_win_64/winavr/bin/../lib/gcc/avr/4.3.3/avr5\libgcc.a(_lt_sf.o)
 .debug_loc     0x000005d6       0xac c:/eclipse/imt_sdk_win_64/winavr/bin/../lib/gcc/avr/4.3.3/avr5\libgcc.a(_si_to_sf.o)
 .debug_loc     0x00000682       0x7e c:/eclipse/imt_sdk_win_64/winavr/bin/../lib/gcc/avr/4.3.3/avr5\libgcc.a(_sf_to_si.o)
 .debug_loc     0x00000700       0x4c c:/eclipse/imt_sdk_win_64/winavr/bin/../lib/gcc/avr/4.3.3/avr5\libgcc.a(_usi_to_sf.o)
 .debug_loc     0x0000074c       0x94 c:/eclipse/imt_sdk_win_64/winavr/bin/../lib/gcc/avr/4.3.3/avr5\libgcc.a(_clzsi2.o)
 .debug_loc     0x000007e0      0x13e c:/eclipse/imt_sdk_win_64/winavr/bin/../lib/gcc/avr/4.3.3/avr5\libgcc.a(_pack_sf.o)
 .debug_loc     0x0000091e       0xac c:/eclipse/imt_sdk_win_64/winavr/bin/../lib/gcc/avr/4.3.3/avr5\libgcc.a(_unpack_sf.o)
 .debug_loc     0x000009ca       0x50 c:/eclipse/imt_sdk_win_64/winavr/bin/../lib/gcc/avr/4.3.3/avr5\libgcc.a(_fpcmp_parts_sf.o)

.debug_macinfo
 *(.debug_macinfo)
OUTPUT(Smart_Home.elf elf32-avr)
LOAD linker stubs

.debug_ranges   0x00000000       0x50
 .debug_ranges  0x00000000       0x50 c:/eclipse/imt_sdk_win_64/winavr/bin/../lib/gcc/avr/4.3.3/avr5\libgcc.a(_mul_sf.o)
